Component: ARM Compiler 5.06 update 6 (build 750) Tool: armlink [4d35ed]

==============================================================================

Section Cross References

    stm32f4xx_it.o(.text) refers to stm32f4xx_exti.o(.text) for EXTI_GetITStatus
    stm32f4xx_it.o(.text) refers to drv_rcin.o(.text) for PPM_IRQH
    stm32f4xx_it.o(.text) refers to drv_usart.o(.text) for Usart2_IRQ
    ano_usb.o(.text) refers to usbd_core.o(.text) for usbd_init
    ano_usb.o(.text) refers to usbd_hid.o(.text) for usbd_hid_get_report_trigger
    ano_usb.o(.text) refers to ano_dt.o(.text) for AnoDTRxOneByteUsb
    ano_usb.o(.text) refers to ano_usb.o(.data) for hid_datatemp_end
    ano_usb.o(.text) refers to ano_usb.o(.bss) for hid_datatemp
    usb_config.o(.text) refers to usbd_hid.o(.text) for USBD_HID_Configure_Event
    usb_config.o(.constdata) refers to usb_config.o(.text) for USBD_SOF_Event
    usb_config.o(.constdata) refers to usbd_core.o(.text) for USBD_EndPoint0
    usb_config.o(.constdata) refers to usbd_hid.o(.text) for USBD_HID_EP_INT_Event
    main.o(.text) refers to bsp_init.o(.text) for All_Init
    main.o(.text) refers to ano_scheduler.o(.text) for Scheduler_Setup
    main.o(.text) refers to ano_fcdata.o(.bss) for flag
    ano_scheduler.o(.text) refers to drv_time.o(.text) for GetSysTime_us
    ano_scheduler.o(.text) refers to ano_flightdatacal.o(.text) for Fc_Sensor_Get
    ano_scheduler.o(.text) refers to ano_sensor_basic.o(.text) for Sensor_Data_Prepare
    ano_scheduler.o(.text) refers to drv_gps.o(.text) for WCXY_Acc_Get_Task
    ano_scheduler.o(.text) refers to ano_flightctrl.o(.text) for Flight_State_Task
    ano_scheduler.o(.text) refers to ano_of_decofusion.o(.text) for ANO_OF_Data_Prepare_Task
    ano_scheduler.o(.text) refers to ano_dt.o(.text) for ANO_DT_Task1Ms
    ano_scheduler.o(.text) refers to ano_attctrl.o(.text) for Att_1level_Ctrl
    ano_scheduler.o(.text) refers to ano_motorctrl.o(.text) for Motor_Ctrl_Task
    ano_scheduler.o(.text) refers to ano_uwb.o(.text) for Ano_UWB_Get_Data_Task
    ano_scheduler.o(.text) refers to ano_imu.o(.text) for calculate_RPY
    ano_scheduler.o(.text) refers to drv_bsp.o(.text) for DrvRcInputTask
    ano_scheduler.o(.text) refers to ano_rc.o(.text) for RC_duty_task
    ano_scheduler.o(.text) refers to ano_altctrl.o(.text) for Alt_1level_Ctrl
    ano_scheduler.o(.text) refers to ano_of.o(.text) for AnoOF_Check_State
    ano_scheduler.o(.text) refers to drv_led.o(.text) for LED_Task2
    ano_scheduler.o(.text) refers to ano_imu_task.o(.text) for ImuServices_20ms_c
    ano_scheduler.o(.text) refers to ano_flyctrl.o(.text) for FlyCtrl_Task
    ano_scheduler.o(.text) refers to ano_locctrl.o(.text) for Loc_1level_Ctrl
    ano_scheduler.o(.text) refers to drv_openmv.o(.text) for OpenMV_Offline_Check
    ano_scheduler.o(.text) refers to ano_opmv_cbtracking_ctrl.o(.text) for ANO_CBTracking_Task
    ano_scheduler.o(.text) refers to ano_opmv_linetracking_ctrl.o(.text) for ANO_LTracking_Task
    ano_scheduler.o(.text) refers to ano_opmv_ctrl.o(.text) for ANO_OPMV_Ctrl_Task
    ano_scheduler.o(.text) refers to task1.o(.text) for search_A
    ano_scheduler.o(.text) refers to ano_power.o(.text) for Power_UpdateTask
    ano_scheduler.o(.text) refers to drv_heating.o(.text) for Thermostatic_Ctrl_Task
    ano_scheduler.o(.text) refers to ano_parameter.o(.text) for Ano_Parame_Write_task
    ano_scheduler.o(.text) refers to ano_scheduler.o(.bss) for test_dT_1000hz
    ano_scheduler.o(.text) refers to ano_rc.o(.bss) for CH_N
    ano_scheduler.o(.text) refers to ano_scheduler.o(.data) for sched_tasks
    ano_scheduler.o(.data) refers to ano_scheduler.o(.text) for Loop_1000Hz
    bsp_init.o(.text) refers to misc.o(.text) for NVIC_PriorityGroupConfig
    bsp_init.o(.text) refers to drv_time.o(.text) for SysTick_Configuration
    bsp_init.o(.text) refers to ultr.o(.text) for TIM4_CH1_Cap_Init
    bsp_init.o(.text) refers to drv_led.o(.text) for Drv_LED_Init
    bsp_init.o(.text) refers to drv_w25qxx.o(.text) for Flash_Init
    bsp_init.o(.text) refers to ano_fcdata.o(.text) for Para_Data_Init
    bsp_init.o(.text) refers to drv_bsp.o(.text) for DrvRcInputInit
    bsp_init.o(.text) refers to drv_pwm_out.o(.text) for PWM_Out_Init
    bsp_init.o(.text) refers to drv_spi.o(.text) for Drv_SPI2_init
    bsp_init.o(.text) refers to drv_ak8975.o(.text) for Drv_AK8975CSPin_Init
    bsp_init.o(.text) refers to drv_spl06.o(.text) for Drv_SPL06CSPin_Init
    bsp_init.o(.text) refers to drv_bmi088.o(.text) for DrvBmi088Init
    bsp_init.o(.text) refers to ano_usb.o(.text) for Usb_Hid_Init
    bsp_init.o(.text) refers to drv_usart.o(.text) for Usart2_Init
    bsp_init.o(.text) refers to drv_adc.o(.text) for Drv_AdcInit
    bsp_init.o(.text) refers to ano_flightctrl.o(.text) for All_PID_Init
    bsp_init.o(.text) refers to drv_gps.o(.text) for Drv_GpsPin_Init
    bsp_init.o(.text) refers to drv_heating.o(.text) for Drv_HeatingInit
[...]
    RCC_PCLK1Config                          0x08013423   Thumb Code    60  stm32f4xx_rcc.o(.text)
    RCC_PCLK2Config                          0x0801345f   Thumb Code    62  stm32f4xx_rcc.o(.text)
    RCC_GetClocksFreq                        0x0801349d   Thumb Code   214  stm32f4xx_rcc.o(.text)
    RCC_RTCCLKConfig                         0x08013573   Thumb Code   262  stm32f4xx_rcc.o(.text)
    RCC_RTCCLKCmd                            0x08013679   Thumb Code    30  stm32f4xx_rcc.o(.text)
    RCC_BackupResetCmd                       0x08013697   Thumb Code    32  stm32f4xx_rcc.o(.text)
    RCC_I2SCLKConfig                         0x080136b7   Thumb Code    30  stm32f4xx_rcc.o(.text)
    RCC_AHB1PeriphClockCmd                   0x080136d5   Thumb Code    82  stm32f4xx_rcc.o(.text)
    RCC_AHB2PeriphClockCmd                   0x08013727   Thumb Code    82  stm32f4xx_rcc.o(.text)
    RCC_AHB3PeriphClockCmd                   0x08013779   Thumb Code   232  stm32f4xx_rcc.o(.text)
    RCC_APB1PeriphClockCmd                   0x08013861   Thumb Code    82  stm32f4xx_rcc.o(.text)
    RCC_APB2PeriphClockCmd                   0x080138b3   Thumb Code    82  stm32f4xx_rcc.o(.text)
    RCC_AHB1PeriphResetCmd                   0x08013905   Thumb Code    82  stm32f4xx_rcc.o(.text)
    RCC_AHB2PeriphResetCmd                   0x08013957   Thumb Code    82  stm32f4xx_rcc.o(.text)
    RCC_AHB3PeriphResetCmd                   0x080139a9   Thumb Code    82  stm32f4xx_rcc.o(.text)
    RCC_APB1PeriphResetCmd                   0x080139fb   Thumb Code    82  stm32f4xx_rcc.o(.text)
    RCC_APB2PeriphResetCmd                   0x08013a4d   Thumb Code    82  stm32f4xx_rcc.o(.text)
    RCC_AHB1PeriphClockLPModeCmd             0x08013a9f   Thumb Code    82  stm32f4xx_rcc.o(.text)
    RCC_AHB2PeriphClockLPModeCmd             0x08013af1   Thumb Code    82  stm32f4xx_rcc.o(.text)
    RCC_AHB3PeriphClockLPModeCmd             0x08013b43   Thumb Code    82  stm32f4xx_rcc.o(.text)
    RCC_APB1PeriphClockLPModeCmd             0x08013b95   Thumb Code    82  stm32f4xx_rcc.o(.text)
    RCC_APB2PeriphClockLPModeCmd             0x08013be7   Thumb Code   106  stm32f4xx_rcc.o(.text)
    RCC_ITConfig                             0x08013c51   Thumb Code    74  stm32f4xx_rcc.o(.text)
    RCC_ClearFlag                            0x08013c9b   Thumb Code    18  stm32f4xx_rcc.o(.text)
    RCC_GetITStatus                          0x08013cad   Thumb Code    68  stm32f4xx_rcc.o(.text)
    RCC_ClearITPendingBit                    0x08013cf1   Thumb Code    34  stm32f4xx_rcc.o(.text)
    SPI_I2S_DeInit                           0x08013d19   Thumb Code   104  stm32f4xx_spi.o(.text)
    SPI_Init                                 0x08013d81   Thumb Code   348  stm32f4xx_spi.o(.text)
    I2S_Init                                 0x08013edd   Thumb Code   508  stm32f4xx_spi.o(.text)
    SPI_StructInit                           0x080140d9   Thumb Code    24  stm32f4xx_spi.o(.text)
    I2S_StructInit                           0x080140f1   Thumb Code   104  stm32f4xx_spi.o(.text)
    SPI_Cmd                                  0x08014159   Thumb Code    82  stm32f4xx_spi.o(.text)
    I2S_Cmd                                  0x080141ab   Thumb Code    88  stm32f4xx_spi.o(.text)
    SPI_DataSizeConfig                       0x08014203   Thumb Code    78  stm32f4xx_spi.o(.text)
    SPI_BiDirectionalLineConfig              0x08014251   Thumb Code    94  stm32f4xx_spi.o(.text)
    SPI_NSSInternalSoftwareConfig            0x080142af   Thumb Code    96  stm32f4xx_spi.o(.text)
    SPI_SSOutputCmd                          0x0801430f   Thumb Code    82  stm32f4xx_spi.o(.text)
    SPI_TIModeCmd                            0x08014361   Thumb Code    82  stm32f4xx_spi.o(.text)
    I2S_FullDuplexConfig                     0x080143b3   Thumb Code   258  stm32f4xx_spi.o(.text)
    SPI_I2S_ReceiveData                      0x080144b5   Thumb Code    52  stm32f4xx_spi.o(.text)
    SPI_I2S_SendData                         0x080144e9   Thumb Code    54  stm32f4xx_spi.o(.text)
    SPI_CalculateCRC                         0x0801451f   Thumb Code    98  stm32f4xx_spi.o(.text)
    SPI_TransmitCRC                          0x08014581   Thumb Code    46  stm32f4xx_spi.o(.text)
    SPI_GetCRC                               0x080145af   Thumb Code    74  stm32f4xx_spi.o(.text)
    SPI_GetCRCPolynomial                     0x080145f9   Thumb Code    40  stm32f4xx_spi.o(.text)
    SPI_I2S_DMACmd                           0x08014621   Thumb Code   114  stm32f4xx_spi.o(.text)
    SPI_I2S_ITConfig                         0x08014693   Thumb Code   138  stm32f4xx_spi.o(.text)
    SPI_I2S_GetFlagStatus                    0x0801471d   Thumb Code   120  stm32f4xx_spi.o(.text)
    SPI_I2S_ClearFlag                        0x08014795   Thumb Code    74  stm32f4xx_spi.o(.text)
    SPI_I2S_GetITStatus                      0x080147df   Thumb Code   154  stm32f4xx_spi.o(.text)
    SPI_I2S_ClearITPendingBit                0x08014879   Thumb Code    86  stm32f4xx_spi.o(.text)
    TIM_DeInit                               0x080148e1   Thumb Code   440  stm32f4xx_tim.o(.text)
    TIM_TimeBaseInit                         0x08014a99   Thumb Code   278  stm32f4xx_tim.o(.text)
    TIM_TimeBaseStructInit                   0x08014baf   Thumb Code    18  stm32f4xx_tim.o(.text)
    TIM_PrescalerConfig                      0x08014bc1   Thumb Code   128  stm32f4xx_tim.o(.text)
    TIM_CounterModeConfig                    0x08014c41   Thumb Code   100  stm32f4xx_tim.o(.text)
    TIM_SetCounter                           0x08014ca5   Thumb Code   222  stm32f4xx_tim.o(.text)
    TIM_SetAutoreload                        0x08014d83   Thumb Code   108  stm32f4xx_tim.o(.text)
    TIM_GetCounter                           0x08014def   Thumb Code   106  stm32f4xx_tim.o(.text)
    TIM_GetPrescaler                         0x08014e59   Thumb Code   106  stm32f4xx_tim.o(.text)
    TIM_UpdateDisableConfig                  0x08014ec3   Thumb Code   148  stm32f4xx_tim.o(.text)
    TIM_UpdateRequestConfig                  0x08014f57   Thumb Code   148  stm32f4xx_tim.o(.text)
    TIM_ARRPreloadConfig                     0x08014feb   Thumb Code   148  stm32f4xx_tim.o(.text)
    TIM_SelectOnePulseMode                   0x0801507f   Thumb Code   142  stm32f4xx_tim.o(.text)
    TIM_SetClockDivision                     0x0801510d   Thumb Code   192  stm32f4xx_tim.o(.text)
    TIM_Cmd                                  0x080151cd   Thumb Code   148  stm32f4xx_tim.o(.text)
    TIM_OC1Init                              0x08015261   Thumb Code   416  stm32f4xx_tim.o(.text)
    TIM_OC2Init                              0x08015401   Thumb Code   486  stm32f4xx_tim.o(.text)
    TIM_OC3Init                              0x080155e7   Thumb Code   416  stm32f4xx_tim.o(.text)
    TIM_OC4Init                              0x08015787   Thumb Code   300  stm32f4xx_tim.o(.text)
    TIM_OCStructInit                         0x080158b3   Thumb Code    20  stm32f4xx_tim.o(.text)
    TIM_SelectOCxM                           0x080158c7   Thumb Code   256  stm32f4xx_tim.o(.text)
    TIM_SetCompare1                          0x080159c7   Thumb Code   142  stm32f4xx_tim.o(.text)
    TIM_SetCompare2                          0x08015a55   Thumb Code    72  stm32f4xx_tim.o(.text)
    TIM_SetCompare3                          0x08015a9d   Thumb Code    60  stm32f4xx_tim.o(.text)
    TIM_SetCompare4                          0x08015ad9   Thumb Code    60  stm32f4xx_tim.o(.text)
    TIM_ForcedOC1Config                      0x08015b15   Thumb Code   130  stm32f4xx_tim.o(.text)
    TIM_ForcedOC2Config                      0x08015b97   Thumb Code   114  stm32f4xx_tim.o(.text)
    TIM_ForcedOC3Config                      0x08015c09   Thumb Code    94  stm32f4xx_tim.o(.text)
    TIM_ForcedOC4Config                      0x08015c67   Thumb Code   102  stm32f4xx_tim.o(.text)
    TIM_OC1PreloadConfig                     0x08015ccd   Thumb Code   124  stm32f4xx_tim.o(.text)
    TIM_OC2PreloadConfig                     0x08015d49   Thumb Code   108  stm32f4xx_tim.o(.text)
    TIM_OC3PreloadConfig                     0x08015db5   Thumb Code   136  stm32f4xx_tim.o(.text)
    TIM_OC4PreloadConfig                     0x08015e3d   Thumb Code    96  stm32f4xx_tim.o(.text)
    TIM_OC1FastConfig                        0x08015e9d   Thumb Code   124  stm32f4xx_tim.o(.text)
    TIM_OC2FastConfig                        0x08015f19   Thumb Code   108  stm32f4xx_tim.o(.text)
    TIM_OC3FastConfig                        0x08015f85   Thumb Code    88  stm32f4xx_tim.o(.text)
    TIM_OC4FastConfig                        0x08015fdd   Thumb Code    96  stm32f4xx_tim.o(.text)
    TIM_ClearOC1Ref                          0x0801603d   Thumb Code   124  stm32f4xx_tim.o(.text)
    TIM_ClearOC2Ref                          0x080160b9   Thumb Code   106  stm32f4xx_tim.o(.text)
    TIM_ClearOC3Ref                          0x08016123   Thumb Code    88  stm32f4xx_tim.o(.text)
    TIM_ClearOC4Ref                          0x0801617b   Thumb Code    94  stm32f4xx_tim.o(.text)
    TIM_OC1PolarityConfig                    0x080161d9   Thumb Code   174  stm32f4xx_tim.o(.text)
    TIM_OC1NPolarityConfig                   0x08016287   Thumb Code    64  stm32f4xx_tim.o(.text)
    TIM_OC2PolarityConfig                    0x080162c7   Thumb Code   108  stm32f4xx_tim.o(.text)
    TIM_OC2NPolarityConfig                   0x08016333   Thumb Code    72  stm32f4xx_tim.o(.text)
    TIM_OC3PolarityConfig                    0x0801637b   Thumb Code    96  stm32f4xx_tim.o(.text)
    TIM_OC3NPolarityConfig                   0x080163db   Thumb Code    72  stm32f4xx_tim.o(.text)
    TIM_OC4PolarityConfig                    0x08016423   Thumb Code    96  stm32f4xx_tim.o(.text)
    TIM_CCxCmd                               0x08016483   Thumb Code   168  stm32f4xx_tim.o(.text)
    TIM_CCxNCmd                              0x0801652b   Thumb Code   104  stm32f4xx_tim.o(.text)
    TIM_SetIC4Prescaler                      0x08016593   Thumb Code   106  stm32f4xx_tim.o(.text)
    TIM_SetIC3Prescaler                      0x0801667d   Thumb Code    98  stm32f4xx_tim.o(.text)
    TIM_SetIC2Prescaler                      0x08016727   Thumb Code   118  stm32f4xx_tim.o(.text)
    TIM_SetIC1Prescaler                      0x080167ed   Thumb Code   134  stm32f4xx_tim.o(.text)
    TIM_ICInit                               0x080168ad   Thumb Code   508  stm32f4xx_tim.o(.text)
    TIM_ICStructInit                         0x08016aa9   Thumb Code    18  stm32f4xx_tim.o(.text)
    TIM_PWMIConfig                           0x08016abb   Thumb Code   184  stm32f4xx_tim.o(.text)
    TIM_GetCapture1                          0x08016b73   Thumb Code    92  stm32f4xx_tim.o(.text)
    TIM_GetCapture2                          0x08016bcf   Thumb Code    68  stm32f4xx_tim.o(.text)
    TIM_GetCapture3                          0x08016c13   Thumb Code    56  stm32f4xx_tim.o(.text)
    TIM_GetCapture4                          0x08016c4b   Thumb Code    56  stm32f4xx_tim.o(.text)
    TIM_BDTRConfig                           0x08016c83   Thumb Code   222  stm32f4xx_tim.o(.text)
    TIM_BDTRStructInit                       0x08016d61   Thumb Code    18  stm32f4xx_tim.o(.text)
    TIM_CtrlPWMOutputs                       0x08016d73   Thumb Code    78  stm32f4xx_tim.o(.text)
    TIM_SelectCOM                            0x08016dc1   Thumb Code    72  stm32f4xx_tim.o(.text)
    TIM_CCPreloadControl                     0x08016e09   Thumb Code    72  stm32f4xx_tim.o(.text)
    TIM_ITConfig                             0x08016e51   Thumb Code   218  stm32f4xx_tim.o(.text)
    TIM_GenerateEvent                        0x08016f2b   Thumb Code   126  stm32f4xx_tim.o(.text)
    TIM_GetFlagStatus                        0x08016fa9   Thumb Code   188  stm32f4xx_tim.o(.text)
    TIM_ClearFlag                            0x08017065   Thumb Code   108  stm32f4xx_tim.o(.text)
    TIM_GetITStatus                          0x080170d1   Thumb Code   186  stm32f4xx_tim.o(.text)
    TIM_ClearITPendingBit                    0x0801718b   Thumb Code   108  stm32f4xx_tim.o(.text)
    TIM_DMAConfig                            0x080171f7   Thumb Code   334  stm32f4xx_tim.o(.text)
    TIM_DMACmd                               0x08017345   Thumb Code   126  stm32f4xx_tim.o(.text)
    TIM_SelectCCDMA                          0x080173c3   Thumb Code    96  stm32f4xx_tim.o(.text)
    TIM_InternalClockConfig                  0x08017423   Thumb Code    76  stm32f4xx_tim.o(.text)
    TIM_SelectInputTrigger                   0x0801746f   Thumb Code   148  stm32f4xx_tim.o(.text)
    TIM_ITRxExternalClockConfig              0x08017503   Thumb Code   110  stm32f4xx_tim.o(.text)
    TIM_TIxExternalClockConfig               0x08017571   Thumb Code   184  stm32f4xx_tim.o(.text)
    TIM_ETRConfig                            0x08017629   Thumb Code   164  stm32f4xx_tim.o(.text)
    TIM_ETRClockMode1Config                  0x080176cd   Thumb Code   228  stm32f4xx_tim.o(.text)
    TIM_ETRClockMode2Config                  0x080177b1   Thumb Code   152  stm32f4xx_tim.o(.text)
    TIM_SelectOutputTrigger                  0x08017849   Thumb Code   126  stm32f4xx_tim.o(.text)
    TIM_SelectSlaveMode                      0x080178c7   Thumb Code   112  stm32f4xx_tim.o(.text)
    TIM_SelectMasterSlaveMode                0x08017937   Thumb Code   102  stm32f4xx_tim.o(.text)
    TIM_EncoderInterfaceConfig               0x0801799d   Thumb Code   226  stm32f4xx_tim.o(.text)
    TIM_SelectHallSensor                     0x08017a7f   Thumb Code   108  stm32f4xx_tim.o(.text)
    TIM_RemapConfig                          0x08017aeb   Thumb Code   138  stm32f4xx_tim.o(.text)
    USART_DeInit                             0x08017b75   Thumb Code   202  stm32f4xx_usart.o(.text)
    USART_Init                               0x08017c3f   Thumb Code   456  stm32f4xx_usart.o(.text)
    USART_StructInit                         0x08017e07   Thumb Code    24  stm32f4xx_usart.o(.text)
    USART_ClockInit                          0x08017e1f   Thumb Code   166  stm32f4xx_usart.o(.text)
    USART_ClockStructInit                    0x08017ec5   Thumb Code    12  stm32f4xx_usart.o(.text)
    USART_Cmd                                0x08017ed1   Thumb Code    96  stm32f4xx_usart.o(.text)
    USART_SetPrescaler                       0x08017f31   Thumb Code   160  stm32f4xx_usart.o(.text)
    USART_OverSampling8Cmd                   0x08017fd1   Thumb Code    98  stm32f4xx_usart.o(.text)
    USART_OneBitMethodCmd                    0x08018033   Thumb Code   100  stm32f4xx_usart.o(.text)
    USART_SendData                           0x08018097   Thumb Code    84  stm32f4xx_usart.o(.text)
    USART_ReceiveData                        0x080180eb   Thumb Code    62  stm32f4xx_usart.o(.text)
    USART_SetAddress                         0x08018129   Thumb Code    92  stm32f4xx_usart.o(.text)
    USART_ReceiverWakeUpCmd                  0x08018185   Thumb Code   100  stm32f4xx_usart.o(.text)
    USART_WakeUpConfig                       0x080181e9   Thumb Code    96  stm32f4xx_usart.o(.text)
    USART_LINBreakDetectLengthConfig         0x08018249   Thumb Code    94  stm32f4xx_usart.o(.text)
    USART_LINCmd                             0x080182a7   Thumb Code   100  stm32f4xx_usart.o(.text)
    USART_SendBreak                          0x0801830b   Thumb Code    64  stm32f4xx_usart.o(.text)
    USART_HalfDuplexCmd                      0x0801834b   Thumb Code   100  stm32f4xx_usart.o(.text)
    USART_SetGuardTime                       0x080183af   Thumb Code    86  stm32f4xx_usart.o(.text)
    USART_SmartCardCmd                       0x08018405   Thumb Code    88  stm32f4xx_usart.o(.text)
    USART_SmartCardNACKCmd                   0x0801845d   Thumb Code    88  stm32f4xx_usart.o(.text)
    USART_IrDAConfig                         0x080184b5   Thumb Code    94  stm32f4xx_usart.o(.text)
    USART_IrDACmd                            0x08018513   Thumb Code   100  stm32f4xx_usart.o(.text)
    USART_DMACmd                             0x08018577   Thumb Code   120  stm32f4xx_usart.o(.text)
    USART_ITConfig                           0x080185ef   Thumb Code   268  stm32f4xx_usart.o(.text)
    USART_GetFlagStatus                      0x080186fb   Thumb Code   176  stm32f4xx_usart.o(.text)
    USART_ClearFlag                          0x080187ab   Thumb Code   160  stm32f4xx_usart.o(.text)
    USART_GetITStatus                        0x0801884b   Thumb Code   284  stm32f4xx_usart.o(.text)
    USART_ClearITPendingBit                  0x08018967   Thumb Code   170  stm32f4xx_usart.o(.text)
    SystemInit                               0x08018b05   Thumb Code    88  system_stm32f4xx.o(.text)
    SystemCoreClockUpdate                    0x08018b5d   Thumb Code   174  system_stm32f4xx.o(.text)
    Reset_Handler                            0x08018c39   Thumb Code     8  startup_stm32f4xx.o(.text)
    HardFault_Handler                        0x08018c43   Thumb Code     2  startup_stm32f4xx.o(.text)
    PendSV_Handler                           0x08018c4f   Thumb Code     2  startup_stm32f4xx.o(.text)
    ADC_IRQHandler                           0x08018c53   Thumb Code     0  startup_stm32f4xx.o(.text)
    CAN1_RX0_IRQHandler                      0x08018c53   Thumb Code     0  startup_stm32f4xx.o(.text)
    CAN1_RX1_IRQHandler                      0x08018c53   Thumb Code     0  startup_stm32f4xx.o(.text)
    CAN1_SCE_IRQHandler                      0x08018c53   Thumb Code     0  startup_stm32f4xx.o(.text)
    CAN1_TX_IRQHandler                       0x08018c53   Thumb Code     0  startup_stm32f4xx.o(.text)
    CAN2_RX0_IRQHandler                      0x08018c53   Thumb Code     0  startup_stm32f4xx.o(.text)
    CAN2_RX1_IRQHandler                      0x08018c53   Thumb Code     0  startup_stm32f4xx.o(.text)
    CAN2_SCE_IRQHandler                      0x08018c53   Thumb Code     0  startup_stm32f4xx.o(.text)
    CAN2_TX_IRQHandler                       0x08018c53   Thumb Code     0  startup_stm32f4xx.o(.text)
    CRYP_IRQHandler                          0x08018c53   Thumb Code     0  startup_stm32f4xx.o(.text)
    DCMI_IRQHandler                          0x08018c53   Thumb Code     0  startup_stm32f4xx.o(.text)
    DMA1_Stream0_IRQHandler                  0x08018c53   Thumb Code     0  startup_stm32f4xx.o(.text)
    DMA1_Stream1_IRQHandler                  0x08018c53   Thumb Code     0  startup_stm32f4xx.o(.text)
    DMA1_Stream2_IRQHandler                  0x08018c53   Thumb Code     0  startup_stm32f4xx.o(.text)
    DMA1_Stream3_IRQHandler                  0x08018c53   Thumb Code     0  startup_stm32f4xx.o(.text)
    DMA1_Stream4_IRQHandler                  0x08018c53   Thumb Code     0  startup_stm32f4xx.o(.text)
    DMA1_Stream5_IRQHandler                  0x08018c53   Thumb Code     0  startup_stm32f4xx.o(.text)
    DMA1_Stream6_IRQHandler                  0x08018c53   Thumb Code     0  startup_stm32f4xx.o(.text)
    DMA1_Stream7_IRQHandler                  0x08018c53   Thumb Code     0  startup_stm32f4xx.o(.text)
    DMA2_Stream0_IRQHandler                  0x08018c53   Thumb Code     0  startup_stm32f4xx.o(.text)
    DMA2_Stream1_IRQHandler                  0x08018c53   Thumb Code     0  startup_stm32f4xx.o(.text)
    DMA2_Stream2_IRQHandler                  0x08018c53   Thumb Code     0  startup_stm32f4xx.o(.text)
    DMA2_Stream3_IRQHandler                  0x08018c53   Thumb Code     0  startup_stm32f4xx.o(.text)
    DMA2_Stream4_IRQHandler                  0x08018c53   Thumb Code     0  startup_stm32f4xx.o(.text)
    DMA2_Stream5_IRQHandler                  0x08018c53   Thumb Code     0  startup_stm32f4xx.o(.text)
    DMA2_Stream6_IRQHandler                  0x08018c53   Thumb Code     0  startup_stm32f4xx.o(.text)
    DMA2_Stream7_IRQHandler                  0x08018c53   Thumb Code     0  startup_stm32f4xx.o(.text)
    ETH_IRQHandler                           0x08018c53   Thumb Code     0  startup_stm32f4xx.o(.text)
    ETH_WKUP_IRQHandler                      0x08018c53   Thumb Code     0  startup_stm32f4xx.o(.text)
    EXTI0_IRQHandler                         0x08018c53   Thumb Code     0  startup_stm32f4xx.o(.text)
    EXTI15_10_IRQHandler                     0x08018c53   Thumb Code     0  startup_stm32f4xx.o(.text)
    EXTI1_IRQHandler                         0x08018c53   Thumb Code     0  startup_stm32f4xx.o(.text)
    EXTI2_IRQHandler                         0x08018c53   Thumb Code     0  startup_stm32f4xx.o(.text)
    EXTI3_IRQHandler                         0x08018c53   Thumb Code     0  startup_stm32f4xx.o(.text)
    EXTI4_IRQHandler                         0x08018c53   Thumb Code     0  startup_stm32f4xx.o(.text)
    FLASH_IRQHandler                         0x08018c53   Thumb Code     0  startup_stm32f4xx.o(.text)
    FPU_IRQHandler                           0x08018c53   Thumb Code     0  startup_stm32f4xx.o(.text)
    FSMC_IRQHandler                          0x08018c53   Thumb Code     0  startup_stm32f4xx.o(.text)
    HASH_RNG_IRQHandler                      0x08018c53   Thumb Code     0  startup_stm32f4xx.o(.text)
    I2C1_ER_IRQHandler                       0x08018c53   Thumb Code     0  startup_stm32f4xx.o(.text)
    I2C1_EV_IRQHandler                       0x08018c53   Thumb Code     0  startup_stm32f4xx.o(.text)
    I2C2_ER_IRQHandler                       0x08018c53   Thumb Code     0  startup_stm32f4xx.o(.text)
    I2C2_EV_IRQHandler                       0x08018c53   Thumb Code     0  startup_stm32f4xx.o(.text)
    I2C3_ER_IRQHandler                       0x08018c53   Thumb Code     0  startup_stm32f4xx.o(.text)
    I2C3_EV_IRQHandler                       0x08018c53   Thumb Code     0  startup_stm32f4xx.o(.text)
    OTG_FS_WKUP_IRQHandler                   0x08018c53   Thumb Code     0  startup_stm32f4xx.o(.text)
    OTG_HS_EP1_IN_IRQHandler                 0x08018c53   Thumb Code     0  startup_stm32f4xx.o(.text)
    OTG_HS_EP1_OUT_IRQHandler                0x08018c53   Thumb Code     0  startup_stm32f4xx.o(.text)
    OTG_HS_IRQHandler                        0x08018c53   Thumb Code     0  startup_stm32f4xx.o(.text)
    OTG_HS_WKUP_IRQHandler                   0x08018c53   Thumb Code     0  startup_stm32f4xx.o(.text)
    PVD_IRQHandler                           0x08018c53   Thumb Code     0  startup_stm32f4xx.o(.text)
    RCC_IRQHandler                           0x08018c53   Thumb Code     0  startup_stm32f4xx.o(.text)
    RTC_Alarm_IRQHandler                     0x08018c53   Thumb Code     0  startup_stm32f4xx.o(.text)
    RTC_WKUP_IRQHandler                      0x08018c53   Thumb Code     0  startup_stm32f4xx.o(.text)
    SDIO_IRQHandler                          0x08018c53   Thumb Code     0  startup_stm32f4xx.o(.text)
    SPI1_IRQHandler                          0x08018c53   Thumb Code     0  startup_stm32f4xx.o(.text)
    SPI2_IRQHandler                          0x08018c53   Thumb Code     0  startup_stm32f4xx.o(.text)
    SPI3_IRQHandler                          0x08018c53   Thumb Code     0  startup_stm32f4xx.o(.text)
    TAMP_STAMP_IRQHandler                    0x08018c53   Thumb Code     0  startup_stm32f4xx.o(.text)
    TIM1_BRK_TIM9_IRQHandler                 0x08018c53   Thumb Code     0  startup_stm32f4xx.o(.text)
    TIM1_CC_IRQHandler                       0x08018c53   Thumb Code     0  startup_stm32f4xx.o(.text)
    TIM1_TRG_COM_TIM11_IRQHandler            0x08018c53   Thumb Code     0  startup_stm32f4xx.o(.text)
    TIM1_UP_TIM10_IRQHandler                 0x08018c53   Thumb Code     0  startup_stm32f4xx.o(.text)
    TIM2_IRQHandler                          0x08018c53   Thumb Code     0  startup_stm32f4xx.o(.text)
    TIM5_IRQHandler                          0x08018c53   Thumb Code     0  startup_stm32f4xx.o(.text)
    TIM6_DAC_IRQHandler                      0x08018c53   Thumb Code     0  startup_stm32f4xx.o(.text)
    TIM7_IRQHandler                          0x08018c53   Thumb Code     0  startup_stm32f4xx.o(.text)
    TIM8_BRK_TIM12_IRQHandler                0x08018c53   Thumb Code     0  startup_stm32f4xx.o(.text)
    TIM8_CC_IRQHandler                       0x08018c53   Thumb Code     0  startup_stm32f4xx.o(.text)
    TIM8_TRG_COM_TIM14_IRQHandler            0x08018c53   Thumb Code     0  startup_stm32f4xx.o(.text)
    TIM8_UP_TIM13_IRQHandler                 0x08018c53   Thumb Code     0  startup_stm32f4xx.o(.text)
    WWDG_IRQHandler                          0x08018c53   Thumb Code     0  startup_stm32f4xx.o(.text)
    usbd_init                                0x08018c5d   Thumb Code    22  usbd_core.o(.text)
    usbd_connect                             0x08018c73   Thumb Code    12  usbd_core.o(.text)
    usbd_reset_core                          0x08018c7f   Thumb Code    38  usbd_core.o(.text)
    usbd_configured                          0x08018ca5   Thumb Code    14  usbd_core.o(.text)
    USBD_SetupStage                          0x08018cb3   Thumb Code    12  usbd_core.o(.text)
    USBD_DataInStage                         0x08018cbf   Thumb Code    66  usbd_core.o(.text)
    USBD_DataOutStage                        0x08018d01   Thumb Code    34  usbd_core.o(.text)
    USBD_StatusInStage                       0x08018d23   Thumb Code    14  usbd_core.o(.text)
    USBD_StatusOutStage                      0x08018d31   Thumb Code    12  usbd_core.o(.text)
    USBD_ReqGetStatus                        0x08018d3d   Thumb Code   160  usbd_core.o(.text)
    USBD_ReqSetClrFeature                    0x08018ddd   Thumb Code   216  usbd_core.o(.text)
    USBD_ReqGetDescriptor                    0x08018eb5   Thumb Code   380  usbd_core.o(.text)
    USBD_ReqGetConfiguration                 0x08019031   Thumb Code   122  usbd_core.o(.text)
    USBD_ReqSetConfiguration                 0x080190ab   Thumb Code   432  usbd_core.o(.text)
    USBD_ReqGetInterface                     0x0801925b   Thumb Code    60  usbd_core.o(.text)
    USBD_ReqSetInterface                     0x08019297   Thumb Code   308  usbd_core.o(.text)
    USBD_EndPoint0                           0x080193cb   Thumb Code   680  usbd_core.o(.text)
    USBD_ReqGetDescriptor_HID                0x0801968d   Thumb Code   132  usbd_core_hid.o(.text)
    USBD_EndPoint0_Setup_HID_ReqToIF         0x08019711   Thumb Code   200  usbd_core_hid.o(.text)
    USBD_EndPoint0_Out_HID_ReqToIF           0x080197d9   Thumb Code    44  usbd_core_hid.o(.text)
    usbd_hid_init                            0x0801983d   Thumb Code     2  usbd_hid.o(.text)
    usbd_hid_get_protocol                    0x0801984d   Thumb Code     4  usbd_hid.o(.text)
    usbd_hid_set_protocol                    0x08019851   Thumb Code     2  usbd_hid.o(.text)
    USBD_HID_GetReport                       0x08019853   Thumb Code    54  usbd_hid.o(.text)
    USBD_HID_SetReport                       0x08019889   Thumb Code    58  usbd_hid.o(.text)
    USBD_HID_GetIdle                         0x080198c3   Thumb Code    16  usbd_hid.o(.text)
    USBD_HID_SetIdle                         0x080198d3   Thumb Code    48  usbd_hid.o(.text)
    USBD_HID_GetProtocol                     0x08019903   Thumb Code    14  usbd_hid.o(.text)
    USBD_HID_SetProtocol                     0x08019911   Thumb Code    14  usbd_hid.o(.text)
    USBD_HID_EP_INTIN_Event                  0x0801991f   Thumb Code   422  usbd_hid.o(.text)
    USBD_HID_EP_INTOUT_Event                 0x08019ac5   Thumb Code   148  usbd_hid.o(.text)
    USBD_HID_Configure_Event                 0x08019b59   Thumb Code    48  usbd_hid.o(.text)
    USBD_HID_EP_INT_Event                    0x08019b89   Thumb Code    30  usbd_hid.o(.text)
    USBD_HID_SOF_Event                       0x08019ba7   Thumb Code   460  usbd_hid.o(.text)
    usbd_hid_get_report_trigger              0x08019d73   Thumb Code   148  usbd_hid.o(.text)
    AccGyrStableCheck_Services               0x08019e41   Thumb Code   512  ano_imu_calibration.o(.text)
    GetGyrAvValue                            0x0801a041   Thumb Code   174  ano_imu_calibration.o(.text)
    GetAccAvValue                            0x0801a0ef   Thumb Code   174  ano_imu_calibration.o(.text)
    ImuSensitivityInit                       0x0801a1dd   Thumb Code   108  ano_imu_data.o(.text)
    ImuDataGet                               0x0801a249   Thumb Code    64  ano_imu_data.o(.text)
    ImuTemperatureGet                        0x0801a289   Thumb Code    10  ano_imu_data.o(.text)
    ImuDataCalcu                             0x0801a293   Thumb Code   282  ano_imu_data.o(.text)
    ImuServices_1ms_c                        0x0801a3c1   Thumb Code   116  ano_imu_task.o(.text)
    ImuServices_20ms_c                       0x0801a435   Thumb Code    18  ano_imu_task.o(.text)
    ultr_Init                                0x0801a465   Thumb Code    56  ultr.o(.text)
    TIM4_CH1_Cap_Init                        0x0801a49d   Thumb Code   172  ultr.o(.text)
    TIM4_IRQHandler                          0x0801a549   Thumb Code   194  ultr.o(.text)
    coo                                      0x0801a621   Thumb Code    68  task1.o(.text)
    search_A                                 0x0801a665   Thumb Code   592  task1.o(.text)
    __aeabi_ldivmod                          0x0801a90d   Thumb Code    98  ldiv.o(.text)
    __aeabi_memcpy                           0x0801a96f   Thumb Code    36  memcpya.o(.text)
    __aeabi_memcpy4                          0x0801a96f   Thumb Code     0  memcpya.o(.text)
    __aeabi_memcpy8                          0x0801a96f   Thumb Code     0  memcpya.o(.text)
    __aeabi_dadd                             0x0801a993   Thumb Code   322  dadd.o(.text)
    __aeabi_dsub                             0x0801aad5   Thumb Code     6  dadd.o(.text)
    __aeabi_drsub                            0x0801aadb   Thumb Code     6  dadd.o(.text)
    __aeabi_dmul                             0x0801aae1   Thumb Code   228  dmul.o(.text)
    __aeabi_l2f                              0x0801abc5   Thumb Code    44  ffltl.o(.text)
    __aeabi_i2d                              0x0801abf1   Thumb Code    34  dflti.o(.text)
    __aeabi_d2iz                             0x0801ac13   Thumb Code    62  dfixi.o(.text)
    __aeabi_f2d                              0x0801ac51   Thumb Code    38  f2d.o(.text)
    __aeabi_cdcmpeq                          0x0801ac79   Thumb Code     0  cdcmple.o(.text)
    __aeabi_cdcmple                          0x0801ac79   Thumb Code    48  cdcmple.o(.text)
    __aeabi_cdrcmple                         0x0801aca9   Thumb Code    48  cdrcmple.o(.text)
    __aeabi_d2f                              0x0801acd9   Thumb Code    56  d2f.o(.text)
    __aeabi_uldivmod                         0x0801ad11   Thumb Code    98  uldiv.o(.text)
    __aeabi_llsl                             0x0801ad73   Thumb Code    30  llshl.o(.text)
    _ll_shift_l                              0x0801ad73   Thumb Code     0  llshl.o(.text)
    __aeabi_llsr                             0x0801ad91   Thumb Code    32  llushr.o(.text)
    _ll_ushift_r                             0x0801ad91   Thumb Code     0  llushr.o(.text)
    __aeabi_lasr                             0x0801adb1   Thumb Code    36  llsshr.o(.text)
    _ll_sshift_r                             0x0801adb1   Thumb Code     0  llsshr.o(.text)
    __I$use$fp                               0x0801add5   Thumb Code     0  iusefp.o(.text)
    _float_round                             0x0801add5   Thumb Code    18  fepilogue.o(.text)
    _float_epilogue                          0x0801ade7   Thumb Code    92  fepilogue.o(.text)
    _double_round                            0x0801ae43   Thumb Code    30  depilogue.o(.text)
    _double_epilogue                         0x0801ae61   Thumb Code   156  depilogue.o(.text)
    __scatterload                            0x0801aefd   Thumb Code    28  init.o(.text)
    __scatterload_rt2                        0x0801aefd   Thumb Code     0  init.o(.text)
    __decompress                             0x0801af21   Thumb Code     0  __dczerorl2.o(.text)
    __decompress1                            0x0801af21   Thumb Code    86  __dczerorl2.o(.text)
    __scatterload_copy                       0x0801af77   Thumb Code    14  handlers.o(i.__scatterload_copy)
    __scatterload_null                       0x0801af85   Thumb Code     2  handlers.o(i.__scatterload_null)
    __scatterload_zeroinit                   0x0801af87   Thumb Code    14  handlers.o(i.__scatterload_zeroinit)
    usbd_power                               0x0801af94   Data           1  usb_config.o(.constdata)
    usbd_hs_enable                           0x0801af95   Data           1  usb_config.o(.constdata)
    usbd_if_num                              0x0801af96   Data           2  usb_config.o(.constdata)
    usbd_ep_num                              0x0801af98   Data           1  usb_config.o(.constdata)
    usbd_max_packet0                         0x0801af99   Data           1  usb_config.o(.constdata)
    usbd_hid_if_num                          0x0801af9a   Data           1  usb_config.o(.constdata)
    usbd_hid_ep_intin                        0x0801af9b   Data           1  usb_config.o(.constdata)
    usbd_hid_ep_intout                       0x0801af9c   Data           1  usb_config.o(.constdata)
    usbd_hid_interval                        0x0801af9e   Data           4  usb_config.o(.constdata)
    usbd_hid_maxpacketsize                   0x0801afa2   Data           4  usb_config.o(.constdata)
    usbd_hid_inreport_num                    0x0801afa6   Data           1  usb_config.o(.constdata)
    usbd_hid_outreport_num                   0x0801afa7   Data           1  usb_config.o(.constdata)
    usbd_hid_inreport_max_sz                 0x0801afa8   Data           2  usb_config.o(.constdata)
    usbd_hid_outreport_max_sz                0x0801afaa   Data           2  usb_config.o(.constdata)
    usbd_hid_featreport_max_sz               0x0801afac   Data           2  usb_config.o(.constdata)
    USBD_P_Power_Event                       0x0801afb0   Data           4  usb_config.o(.constdata)
    USBD_P_Reset_Event                       0x0801afb4   Data           4  usb_config.o(.constdata)
    USBD_P_Suspend_Event                     0x0801afb8   Data           4  usb_config.o(.constdata)
    USBD_P_Resume_Event                      0x0801afbc   Data           4  usb_config.o(.constdata)
    USBD_P_WakeUp_Event                      0x0801afc0   Data           4  usb_config.o(.constdata)
    USBD_P_SOF_Event                         0x0801afc4   Data           4  usb_config.o(.constdata)
    USBD_P_Error_Event                       0x0801afc8   Data           4  usb_config.o(.constdata)
    USBD_P_EP                                0x0801afcc   Data          64  usb_config.o(.constdata)
    USBD_P_Configure_Event                   0x0801b00c   Data           4  usb_config.o(.constdata)
    USBD_P_Interface_Event                   0x0801b010   Data           4  usb_config.o(.constdata)
    USBD_P_Feature_Event                     0x0801b014   Data           4  usb_config.o(.constdata)
    __rtx                                    0x0801b018   Data           4  usb_config.o(.constdata)
    USBD_HID_ReportDescriptor                0x0801b01c   Data          33  usb_config.o(.constdata)
    USBD_HID_ReportDescriptorSize            0x0801b03e   Data           2  usb_config.o(.constdata)
    USBD_HID_DescriptorOffset                0x0801b040   Data           2  usb_config.o(.constdata)
    USBD_DeviceDescriptor                    0x0801b042   Data          18  usb_config.o(.constdata)
    USBD_DeviceQualifier                     0x0801b054   Data           1  usb_config.o(.constdata)
    USBD_DeviceQualifier_HS                  0x0801b055   Data           1  usb_config.o(.constdata)
    USBD_ConfigDescriptor                    0x0801b056   Data          42  usb_config.o(.constdata)
    USBD_ConfigDescriptor_HS                 0x0801b080   Data           1  usb_config.o(.constdata)
    USBD_OtherSpeedConfigDescriptor          0x0801b081   Data           1  usb_config.o(.constdata)
    USBD_OtherSpeedConfigDescriptor_HS       0x0801b082   Data           1  usb_config.o(.constdata)
    USBD_StringDescriptor                    0x0801b084   Data         132  usb_config.o(.constdata)
    _cs_idlist                               0x0801b108   Data          24  ano_dt.o(.constdata)
    fast_atan_table                          0x0801b120   Data        1028  ano_math.o(.constdata)
    gps_petrol_out_config                    0x0801b524   Data          28  drv_gps.o(.constdata)
    gps_pvt_out_config                       0x0801b540   Data          90  drv_gps.o(.constdata)
    gps_rate_out_config                      0x0801b59a   Data          16  drv_gps.o(.constdata)
    Enter_Send                               0x0801b5aa   Data           9  drv_gps.o(.constdata)
    Region$$Table$$Base                      0x0801b7d8   Number         0  anon$$obj.o(Region$$Table)
    Region$$Table$$Limit                     0x0801b7f8   Number         0  anon$$obj.o(Region$$Table)
    HID_SEND_TIMEOUT                         0x20000000   Data           1  ano_usb.o(.data)
    hid_datatemp_begin                       0x20000001   Data           1  ano_usb.o(.data)
    hid_datatemp_end                         0x20000002   Data           1  ano_usb.o(.data)
    USBD_AltSetting                          0x20000004   Data           1  usb_config.o(.data)
    USBD_HID_PollingCnt                      0x20000006   Data           2  usb_config.o(.data)
    USBD_HID_IdleCnt                         0x20000008   Data           1  usb_config.o(.data)
    USBD_HID_IdleReload                      0x20000009   Data           1  usb_config.o(.data)
    USBD_HID_IdleSet                         0x2000000a   Data           1  usb_config.o(.data)
    USBD_HID_FeatReport                      0x2000000b   Data           2  usb_config.o(.data)
    of_init_type                             0x20000064   Data           1  bsp_init.o(.data)
    usart_flag                               0x20000066   Data           2  ano_dt.o(.data)
    unlock_f                                 0x20000068   Data           2  ano_rc.o(.data)
    stick_fun_0                              0x2000006a   Data           1  ano_rc.o(.data)
    unlock_time                              0x2000006c   Data           2  ano_rc.o(.data)
    cali_gyro                                0x2000006e   Data           2  ano_rc.o(.data)
    cali_acc                                 0x20000070   Data           2  ano_rc.o(.data)
    cali_surface                             0x20000072   Data           2  ano_rc.o(.data)
    cali_mag                                 0x20000074   Data           4  ano_rc.o(.data)
    stick_fun_1                              0x20000078   Data           1  ano_rc.o(.data)
    stick_fun_2                              0x20000079   Data           1  ano_rc.o(.data)
    stick_fun_3                              0x2000007a   Data           1  ano_rc.o(.data)
    stick_fun_4                              0x2000007b   Data           1  ano_rc.o(.data)
    stick_fun_5_magcali                      0x2000007c   Data           1  ano_rc.o(.data)
    opmv_ct_sta                              0x2000008d   Data           3  ano_opmv_ctrl.o(.data)
    of_buf_update_flag                       0x200000c0   Data           1  ano_of_decofusion.o(.data)
    of_rot_d_degs                            0x200000c4   Data           8  ano_of_decofusion.o(.data)
    of_fus_err                               0x200000cc   Data           8  ano_of_decofusion.o(.data)
    of_fus_err_i                             0x200000d4   Data           8  ano_of_decofusion.o(.data)
    imu_data                                 0x200000fc   Data         232  ano_imu.o(.data)
    imu_state                                0x20000218   Data          24  ano_imu.o(.data)
    artificial_yaw                           0x20000244   Data           4  ano_imu.o(.data)
    ref_height_old                           0x20000254   Data           4  ano_motioncal.o(.data)
    ref_speed_old                            0x20000258   Data           4  ano_motioncal.o(.data)
    wcz_ref_height                           0x2000025c   Data           4  ano_motioncal.o(.data)
    wcz_ref_speed                            0x20000260   Data           4  ano_motioncal.o(.data)
    wcz_ref_acc                              0x20000264   Data           4  ano_motioncal.o(.data)
    search_flag                              0x20000290   Data           1  ano_flightctrl.o(.data)
    search_pole_flag                         0x20000292   Data           2  ano_flightctrl.o(.data)
    turnstile_flag                           0x20000294   Data           2  ano_flightctrl.o(.data)
    pole_flag                                0x20000296   Data           2  ano_flightctrl.o(.data)
    one_key_taof_start                       0x20000298   Data           2  ano_flightctrl.o(.data)
    flying_cnt                               0x2000029a   Data           2  ano_flightctrl.o(.data)
    landing_cnt                              0x2000029c   Data           2  ano_flightctrl.o(.data)
    stop_baro_hpf                            0x200002a0   Data           4  ano_flightctrl.o(.data)
    OF_pitspeed                              0x200002a8   Data           4  ano_flightctrl.o(.data)
    OF_rolspeed                              0x200002ac   Data           4  ano_flightctrl.o(.data)
    jsdata                                   0x200002ba   Data           6  ano_flightctrl.o(.data)
    speed_mode_old                           0x200002c0   Data           1  ano_flightctrl.o(.data)
    flight_mode_old                          0x200002c1   Data           1  ano_flightctrl.o(.data)
    usrat_flag                               0x200002c4   Data           4  ano_flightctrl.o(.data)
    temp                                     0x200002c8   Data           8  ano_flightctrl.o(.data)
    Distance                                 0x200002d0   Data           4  ano_flightctrl.o(.data)
    OF_flag                                  0x200002d4   Data           2  ano_flightctrl.o(.data)
    turnstile_flag_left                      0x200002d6   Data           2  ano_flightctrl.o(.data)
    turnstile_flag_right                     0x200002d8   Data           2  ano_flightctrl.o(.data)
    bar_flag                                 0x200002da   Data           2  ano_flightctrl.o(.data)
    time_flag1                               0x200002ec   Data           2  ano_locctrl.o(.data)
    vel_fb_d_lpf                             0x200002f8   Data           8  ano_locctrl.o(.data)
    vel_fb_h                                 0x20000300   Data           8  ano_locctrl.o(.data)
    vel_fb_w                                 0x20000308   Data           8  ano_locctrl.o(.data)
    vel_fb_fix_w                             0x20000310   Data           8  ano_locctrl.o(.data)
    mag                                      0x20000330   Data           8  ano_magprocess.o(.data)
    motor                                    0x20000344   Data           8  ano_motorctrl.o(.data)
    motor_step                               0x2000034c   Data           8  ano_motorctrl.o(.data)
    IDLING                                   0x20000356   Data           2  ano_motorctrl.o(.data)
    Plane_Votage                             0x20000358   Data           4  ano_power.o(.data)
    test_time_cnt                            0x20000364   Data           2  ano_flightdatacal.o(.data)
    baro_height                              0x20000370   Data           4  ano_flightdatacal.o(.data)
    baro_h_offset                            0x20000374   Data           4  ano_flightdatacal.o(.data)
    ref_height_get_1                         0x20000378   Data           4  ano_flightdatacal.o(.data)
    ref_height_get_2                         0x2000037c   Data           4  ano_flightdatacal.o(.data)
    ref_height_used                          0x20000380   Data           4  ano_flightdatacal.o(.data)
    baro2tof_offset                          0x20000384   Data           4  ano_flightdatacal.o(.data)
    tof2baro_offset                          0x20000388   Data           4  ano_flightdatacal.o(.data)
    baro_fix1                                0x2000038c   Data           4  ano_flightdatacal.o(.data)
    baro_fix2                                0x20000390   Data           4  ano_flightdatacal.o(.data)
    baro_fix                                 0x20000394   Data           4  ano_flightdatacal.o(.data)
    wcz_acc_use                              0x2000039c   Data           4  ano_flightdatacal.o(.data)
    ref_tof_height                           0x200003a0   Data           2  ano_flightdatacal.o(.data)
    led_accuracy                             0x200003a8   Data           2  drv_led.o(.data)
    LED_Brightness                           0x200003ac   Data          16  drv_led.o(.data)
    AdcValue                                 0x200003d0   Data           2  drv_adc.o(.data)
    para_sta                                 0x200003d2   Data           4  ano_parameter.o(.data)
    sysTickUptime                            0x200003d8   Data           4  drv_time.o(.data)
    systime_ms                               0x200003dc   Data           4  drv_time.o(.data)
    USART_RX_STA                             0x200003e0   Data           2  drv_usart.o(.data)
    ac                                       0x200003e4   Data           4  drv_usart.o(.data)
    Tx1Counter                               0x200003e8   Data           1  drv_usart.o(.data)
    count1                                   0x200003e9   Data           1  drv_usart.o(.data)
    cc                                       0x200003ea   Data           1  drv_usart.o(.data)
    bp                                       0x200003eb   Data           1  drv_usart.o(.data)
    T265_x                                   0x200003ec   Data           2  drv_usart.o(.data)
    T265_y                                   0x200003ee   Data           2  drv_usart.o(.data)
    T265_z                                   0x200003f0   Data           2  drv_usart.o(.data)
    T265_lx                                  0x200003f2   Data           2  drv_usart.o(.data)
    T265_ly                                  0x200003f4   Data           2  drv_usart.o(.data)
    T265_lz                                  0x200003f6   Data           2  drv_usart.o(.data)
    V_x                                      0x200003f8   Data           4  drv_usart.o(.data)
    V_y                                      0x200003fc   Data           4  drv_usart.o(.data)
    V_z                                      0x20000400   Data           4  drv_usart.o(.data)
    L_x                                      0x20000404   Data           4  drv_usart.o(.data)
    L_y                                      0x20000408   Data           4  drv_usart.o(.data)
    L_z                                      0x2000040c   Data           4  drv_usart.o(.data)
    Rcount                                   0x20000410   Data           1  drv_usart.o(.data)
    TxCounter                                0x20000411   Data           1  drv_usart.o(.data)
    count                                    0x20000412   Data           1  drv_usart.o(.data)
    Tx3Counter                               0x20000413   Data           1  drv_usart.o(.data)
    count3                                   0x20000414   Data           1  drv_usart.o(.data)
    Tx4Counter                               0x20000415   Data           1  drv_usart.o(.data)
    count4                                   0x20000416   Data           1  drv_usart.o(.data)
    Tx5Counter                               0x20000417   Data           1  drv_usart.o(.data)
    count5                                   0x20000418   Data           1  drv_usart.o(.data)
    alt_3                                    0x20000424   Data           4  drv_spl06.o(.data)
    baro_start                               0x20000428   Data           1  drv_spl06.o(.data)
    OutMaxPacketSize                         0x2000042c   Data          16  usbd_stm32f4xx_fs.o(.data)
    InPacketDataPtr                          0x2000043c   Data          16  usbd_stm32f4xx_fs.o(.data)
    InPacketDataReady                        0x2000044c   Data           4  usbd_stm32f4xx_fs.o(.data)
    SyncWriteEP                              0x20000450   Data           4  usbd_stm32f4xx_fs.o(.data)
    IsoOutTokenRead                          0x20000454   Data           4  usbd_stm32f4xx_fs.o(.data)
    len                                      0x2000045c   Data           2  drv_gps.o(.data)
    wcx_acc_use                              0x20000460   Data           4  drv_gps.o(.data)
    wcy_acc_use                              0x20000464   Data           4  drv_gps.o(.data)
    GPS_get_cnt                              0x20000468   Data           1  drv_gps.o(.data)
    temperature_err                          0x20000478   Data           4  drv_heating.o(.data)
    temperature_err_i                        0x2000047c   Data           4  drv_heating.o(.data)
    temperature_diff                         0x20000480   Data           4  drv_heating.o(.data)
    temperature_ctrl_val                     0x20000484   Data           4  drv_heating.o(.data)
    LASER_LINKOK                             0x2000048c   Data           1  drv_laser.o(.data)
    Laser_height_cm                          0x2000048e   Data           2  drv_laser.o(.data)
    offline_check_time                       0x20000492   Data           2  drv_openmv.o(.data)
    of_init_cnt                              0x20000496   Data           1  drv_up_flow.o(.data)
    of_buf_update_cnt                        0x20000497   Data           1  drv_up_flow.o(.data)
    SystemCoreClock                          0x200004c0   Data           4  system_stm32f4xx.o(.data)
    AHBPrescTable                            0x200004c4   Data          16  system_stm32f4xx.o(.data)
    USBD_DeviceStatus                        0x200004d4   Data           2  usbd_core.o(.data)
    USBD_DeviceAddress                       0x200004d6   Data           1  usbd_core.o(.data)
    USBD_Configuration                       0x200004d7   Data           1  usbd_core.o(.data)
    USBD_EndPointMask                        0x200004d8   Data           4  usbd_core.o(.data)
    USBD_EndPointHalt                        0x200004dc   Data           4  usbd_core.o(.data)
    USBD_EndPointStall                       0x200004e0   Data           4  usbd_core.o(.data)
    USBD_NumInterfaces                       0x200004e4   Data           1  usbd_core.o(.data)
    USBD_HighSpeed                           0x200004e5   Data           1  usbd_core.o(.data)
    USBD_ZLP                                 0x200004e6   Data           1  usbd_core.o(.data)
    USBD_EP0Data                             0x200004e8   Data           8  usbd_core.o(.data)
    USBD_SetupPacket                         0x200004f0   Data           8  usbd_core.o(.data)
    USBD_HID_Protocol                        0x200004f8   Data           1  usbd_hid.o(.data)
    DataOutAsyncReq                          0x200004fc   Data           4  usbd_hid.o(.data)
    DataOutUpdateReqMask                     0x20000500   Data           4  usbd_hid.o(.data)
    ptrDataOut                               0x20000504   Data           4  usbd_hid.o(.data)
    DataOutToSendLen                         0x20000508   Data           2  usbd_hid.o(.data)
    DataOutSentLen                           0x2000050a   Data           2  usbd_hid.o(.data)
    DataOutEndWithShortPacket                0x2000050c   Data           4  usbd_hid.o(.data)
    ptrDataIn                                0x20000510   Data           4  usbd_hid.o(.data)
    DataInReceLen                            0x20000514   Data           2  usbd_hid.o(.data)
    ptrDataFeat                              0x20000518   Data           4  usbd_hid.o(.data)
    DataFeatReceLen                          0x2000051c   Data           2  usbd_hid.o(.data)
    st_imu_cali                              0x20000520   Data           4  ano_imu_calibration.o(.data)
    TIM4CH1_CAPTURE_STA                      0x20000538   Data           1  ultr.o(.data)
    TIM4CH1_CAPTURE_VAL                      0x2000053c   Data           4  ultr.o(.data)
    usart_flag1                              0x20000540   Data           2  task1.o(.data)
    ass                                      0x20000542   Data           2  task1.o(.data)
    time                                     0x20000544   Data           4  task1.o(.data)
    time1                                    0x20000548   Data           4  task1.o(.data)
    cut_flag                                 0x2000054c   Data           2  task1.o(.data)
    cut1_flag                                0x2000054e   Data           2  task1.o(.data)
    cut2_flag                                0x20000550   Data           2  task1.o(.data)
    t1                                       0x20000554   Data           4  task1.o(.data)
    t2                                       0x20000558   Data           4  task1.o(.data)
    x_new                                    0x2000055c   Data           4  task1.o(.data)
    y_new                                    0x20000560   Data           4  task1.o(.data)
    x_old                                    0x20000564   Data           4  task1.o(.data)
    y_old                                    0x20000568   Data           4  task1.o(.data)
    change_flag                              0x2000056c   Data           2  task1.o(.data)
    change_flag1                             0x2000056e   Data           2  task1.o(.data)
    start_flag                               0x20000570   Data           2  task1.o(.data)
    exp_p                                    0x20000572   Data           2  task1.o(.data)
    exp_l                                    0x20000574   Data           2  task1.o(.data)
    A_pitch                                  0x20000576   Data           2  task1.o(.data)
    A_roll                                   0x20000578   Data           2  task1.o(.data)
    hid_datatemp                             0x20000580   Data         256  ano_usb.o(.bss)
    hid_data2send                            0x20000680   Data          64  ano_usb.o(.bss)
    USBD_EP0Buf                              0x200006c0   Data          64  usb_config.o(.bss)
    USBD_HID_InReport                        0x20000700   Data          65  usb_config.o(.bss)
    USBD_HID_OutReport                       0x20000741   Data          65  usb_config.o(.bss)
    stk_usb_msc_task                         0x20000788   Data         600  usb_config.o(.bss)
    test_dT_1000hz                           0x200009e0   Data          12  ano_scheduler.o(.bss)
    test_rT                                  0x200009ec   Data          24  ano_scheduler.o(.bss)
    dt                                       0x20000a04   Data         432  ano_dt.o(.bss)
    CycleSendData                            0x20000bb4   Data          64  ano_dt.o(.bss)
    OtherSendData                            0x20000bf4   Data         335  ano_dt.o(.bss)
    otherDataTmp                             0x20000d43   Data          64  ano_dt.o(.bss)
    CH_N                                     0x20000e4c   Data          16  ano_rc.o(.bss)
    ano_of                                   0x20000e5c   Data          60  ano_of.o(.bss)
    program_ctrl                             0x20000ed8   Data          84  ano_flyctrl.o(.bss)
    uwb_data                                 0x20000f2c   Data          60  ano_uwb.o(.bss)
    pc_user                                  0x20001168   Data          32  ano_programctrl_user.o(.bss)
    ano_opmv_cbt_ctrl                        0x20001188   Data          52  ano_opmv_cbtracking_ctrl.o(.bss)
    ano_opmv_lt_ctrl                         0x200011cc   Data          32  ano_opmv_linetracking_ctrl.o(.bss)
    of_data                                  0x200011ec   Data          10  ano_of_decofusion.o(.bss)
    of_rdf                                   0x200011f8   Data          72  ano_of_decofusion.o(.bss)
    switchs                                  0x20001240   Data           9  ano_fcdata.o(.bss)
    flag                                     0x20001249   Data          28  ano_fcdata.o(.bss)
    fc_stv                                   0x20001268   Data          16  ano_fcdata.o(.bss)
    sens_hd_check                            0x20001278   Data           9  ano_fcdata.o(.bss)
    att_matrix                               0x20001284   Data          36  ano_imu.o(.bss)
    imu_test                                 0x200012cc   Data          12  ano_imu.o(.bss)
    wcz_acc_fus                              0x200012d8   Data          28  ano_motioncal.o(.bss)
    wcz_spe_fus                              0x200012f4   Data          24  ano_motioncal.o(.bss)
    wcz_hei_fus                              0x2000130c   Data          24  ano_motioncal.o(.bss)
    center_pos                               0x20001324   Data          60  ano_sensor_basic.o(.bss)
    sensor                                   0x20001360   Data          60  ano_sensor_basic.o(.bss)
    sensor_val                               0x2000139c   Data          24  ano_sensor_basic.o(.bss)
    alt_arg_2                                0x2000142c   Data          24  ano_altctrl.o(.bss)
    alt_val_2                                0x20001444   Data          40  ano_altctrl.o(.bss)
    alt_arg_1                                0x2000146c   Data          24  ano_altctrl.o(.bss)
    alt_val_1                                0x20001484   Data          40  ano_altctrl.o(.bss)
    arg_2                                    0x200014ac   Data          72  ano_attctrl.o(.bss)
    arg_1                                    0x200014f4   Data          72  ano_attctrl.o(.bss)
    val_2                                    0x2000153c   Data         120  ano_attctrl.o(.bss)
    val_1                                    0x200015b4   Data         120  ano_attctrl.o(.bss)
    att_2l_ct                                0x2000162c   Data          36  ano_attctrl.o(.bss)
    att_1l_ct                                0x20001650   Data          28  ano_attctrl.o(.bss)
    rolling_flag                             0x2000167c   Data          24  ano_attctrl.o(.bss)
    fs                                       0x20001694   Data          52  ano_flightctrl.o(.bss)
    loc                                      0x200016c8   Data          24  ano_locctrl.o(.bss)
    loc_arg_1                                0x200016e0   Data          48  ano_locctrl.o(.bss)
    loc_val_1                                0x20001710   Data          80  ano_locctrl.o(.bss)
    loc_arg_1_fix                            0x20001760   Data          48  ano_locctrl.o(.bss)
    loc_val_1_fix                            0x20001790   Data          80  ano_locctrl.o(.bss)
    loc_ctrl_1                               0x200017e0   Data          36  ano_locctrl.o(.bss)
    loc_ctrl_2                               0x20001804   Data          36  ano_locctrl.o(.bss)
    mc                                       0x20001828   Data          16  ano_motorctrl.o(.bss)
    LED_STA                                  0x20001838   Data          15  drv_led.o(.bss)
    Ano_Parame                               0x20001848   Data        4096  ano_parameter.o(.bss)
    Send_Data1                               0x20002848   Data          29  drv_usart.o(.bss)
    Recive_Data1                             0x20002865   Data          29  drv_usart.o(.bss)
    USART_RX_BUF                             0x20002882   Data         200  drv_usart.o(.bss)
    Tx1Buffer                                0x2000294a   Data         256  drv_usart.o(.bss)
    TxBuffer                                 0x20002a4a   Data         256  drv_usart.o(.bss)
    Rx_Buf                                   0x20002b4a   Data         256  drv_usart.o(.bss)
    Tx3Buffer                                0x20002c4a   Data         256  drv_usart.o(.bss)
    Tx4Buffer                                0x20002d4a   Data         256  drv_usart.o(.bss)
    Tx5Buffer                                0x20002e4a   Data         256  drv_usart.o(.bss)
    spl_data                                 0x20002f78   Data          20  drv_spl06.o(.bss)
    HID_IntInPacketData                      0x20002f98   Data          64  usbd_stm32f4xx_fs.o(.bss)
    IsoOutPacketDataPtr                      0x20002fd8   Data          16  usbd_stm32f4xx_fs.o(.bss)
    InPacketDataCnt                          0x20002fe8   Data          16  usbd_stm32f4xx_fs.o(.bss)
    IsoOutPacketDataCnt                      0x20002ff8   Data          16  usbd_stm32f4xx_fs.o(.bss)
    Gps_information                          0x20003008   Data         100  drv_gps.o(.bss)
    GPS_data_buff                            0x2000306c   Data         100  drv_gps.o(.bss)
    ext_sens                                 0x200030d0   Data          23  drv_gps.o(.bss)
    temperature_fb                           0x200030e8   Data          12  drv_heating.o(.bss)
    openmv_buf                               0x200030f4   Data          20  drv_openmv.o(.bss)
    opmv                                     0x20003108   Data          44  drv_openmv.o(.bss)
    datasend                                 0x20003134   Data         100  drv_openmv.o(.bss)
    OF_DATA                                  0x20003198   Data          14  drv_up_flow.o(.bss)
    st_bmi_data                              0x200031b4   Data          14  drv_bmi088.o(.bss)
    rc_in                                    0x200031c2   Data          82  drv_bsp.o(.bss)
    st_imuData                               0x20003278   Data         152  ano_imu_data.o(.bss)
    test_st                                  0x20003310   Data          16  ano_imu_data.o(.bss)
    TIM4_ICInitStructure                     0x20003320   Data          10  ultr.o(.bss)
    T265                                     0x2000332c   Data          24  task1.o(.bss)
    search                                   0x20003344   Data          24  task1.o(.bss)
    array_x                                  0x2000335c   Data         120  task1.o(.bss)
    array_y                                  0x200033d4   Data         120  task1.o(.bss)
    __initial_sp                             0x20003c50   Data           0  startup_stm32f4xx.o(STACK)



==============================================================================

Memory Map of the image

  Image Entry point : 0x08000189

  Load Region LR_IROM1 (Base: 0x08000000, Size: 0x0001bd78, Max: 0x00100000, ABSOLUTE, COMPRESSED[0x0001b874])

    Execution Region ER_IROM1 (Exec base: 0x08000000, Load base: 0x08000000, Size: 0x0001b7f8, Max: 0x00100000, ABSOLUTE)

    Exec Addr    Load Addr    Size         Type   Attr      Idx    E Section Name        Object

    0x08000000   0x08000000   0x00000188   Data   RO         1904    RESET               startup_stm32f4xx.o
    0x08000188   0x08000188   0x00000000   Code   RO         2184  * .ARM.Collect$$$$00000000  mc_w.l(entry.o)
    0x08000188   0x08000188   0x00000004   Code   RO         2522    .ARM.Collect$$$$00000001  mc_w.l(entry2.o)
    0x0800018c   0x0800018c   0x00000004   Code   RO         2525    .ARM.Collect$$$$00000004  mc_w.l(entry5.o)
    0x08000190   0x08000190   0x00000000   Code   RO         2527    .ARM.Collect$$$$00000008  mc_w.l(entry7b.o)
    0x08000190   0x08000190   0x00000000   Code   RO         2529    .ARM.Collect$$$$0000000A  mc_w.l(entry8b.o)
    0x08000190   0x08000190   0x00000008   Code   RO         2530    .ARM.Collect$$$$0000000B  mc_w.l(entry9a.o)
    0x08000198   0x08000198   0x00000000   Code   RO         2532    .ARM.Collect$$$$0000000D  mc_w.l(entry10a.o)
    0x08000198   0x08000198   0x00000000   Code   RO         2534    .ARM.Collect$$$$0000000F  mc_w.l(entry11a.o)
    0x08000198   0x08000198   0x00000004   Code   RO         2523    .ARM.Collect$$$$00002712  mc_w.l(entry2.o)
    0x0800019c   0x0800019c   0x00000054   Code   RO            2    .text               stm32f4xx_it.o
    0x080001f0   0x080001f0   0x0000024c   Code   RO          154    .text               ano_usb.o
    0x0800043c   0x0800043c   0x00000052   Code   RO          231    .text               usb_config.o
    0x0800048e   0x0800048e   0x00000002   PAD
    0x08000490   0x08000490   0x0000001c   Code   RO          255    .text               main.o
    0x080004ac   0x080004ac   0x0000020c   Code   RO          275    .text               ano_scheduler.o
    0x080006b8   0x080006b8   0x00000120   Code   RO          399    .text               bsp_init.o
    0x080007d8   0x080007d8   0x000011c0   Code   RO          457    .text               ano_dt.o
    0x08001998   0x08001998   0x00000574   Code   RO          487    .text               ano_rc.o
    0x08001f0c   0x08001f0c   0x0000034c   Code   RO          511    .text               ano_of.o
    0x08002258   0x08002258   0x0000098c   Code   RO          534    .text               ano_flyctrl.o
    0x08002be4   0x08002be4   0x000002dc   Code   RO          561    .text               ano_uwb.o
    0x08002ec0   0x08002ec0   0x000000d0   Code   RO          584    .text               ano_programctrl_user.o
    0x08002f90   0x08002f90   0x000000f4   Code   RO          606    .text               ano_opmv_ctrl.o
    0x08003084   0x08003084   0x00000478   Code   RO          632    .text               ano_opmv_cbtracking_ctrl.o
    0x080034fc   0x080034fc   0x0000056c   Code   RO          655    .text               ano_opmv_linetracking_ctrl.o
    0x08003a68   0x08003a68   0x000005c4   Code   RO          678    .text               ano_of_decofusion.o
    0x0800402c   0x0800402c   0x00000028   Code   RO          705    .text               ano_fcdata.o
    0x08004054   0x08004054   0x00000844   Code   RO          731    .text               ano_filter.o
    0x08004898   0x08004898   0x00000ba8   Code   RO          758    .text               ano_imu.o
    0x08005440   0x08005440   0x000008d4   Code   RO          801    .text               ano_math.o
    0x08005d14   0x08005d14   0x000001fc   Code   RO          820    .text               ano_motioncal.o
    0x08005f10   0x08005f10   0x00000120   Code   RO          867    .text               ano_pid.o
    0x08006030   0x08006030   0x00000214   Code   RO          886    .text               ano_sensor_basic.o
    0x08006244   0x08006244   0x000005d4   Code   RO          908    .text               ano_altctrl.o
    0x08006818   0x08006818   0x00000a54   Code   RO          951    .text               ano_attctrl.o
    0x0800726c   0x0800726c   0x00000eac   Code   RO          982    .text               ano_flightctrl.o
    0x08008118   0x08008118   0x00000de0   Code   RO         1027    .text               ano_locctrl.o
    0x08008ef8   0x08008ef8   0x000004b0   Code   RO         1051    .text               ano_magprocess.o
    0x080093a8   0x080093a8   0x000001f4   Code   RO         1077    .text               ano_motorctrl.o
    0x0800959c   0x0800959c   0x0000021c   Code   RO         1108    .text               ano_power.o
    0x080097b8   0x080097b8   0x00000368   Code   RO         1130    .text               ano_flightdatacal.o
    0x08009b20   0x08009b20   0x00000654   Code   RO         1154    .text               drv_led.o
    0x0800a174   0x0800a174   0x00000124   Code   RO         1185    .text               drv_adc.o
    0x0800a298   0x0800a298   0x00001488   Code   RO         1207    .text               ano_parameter.o
    0x0800b720   0x0800b720   0x00000130   Code   RO         1230    .text               drv_spi.o
    0x0800b850   0x0800b850   0x0000031c   Code   RO         1249    .text               drv_pwm_out.o
    0x0800bb6c   0x0800bb6c   0x000001b8   Code   RO         1268    .text               drv_time.o
    0x0800bd24   0x0800bd24   0x00000938   Code   RO         1298    .text               drv_usart.o
    0x0800c65c   0x0800c65c   0x00000104   Code   RO         1334    .text               drv_ak8975.o
    0x0800c760   0x0800c760   0x00000700   Code   RO         1380    .text               drv_spl06.o
    0x0800ce60   0x0800ce60   0x000003c8   Code   RO         1403    .text               drv_w25qxx.o
    0x0800d228   0x0800d228   0x000012b8   Code   RO         1428    .text               usbd_stm32f4xx_fs.o
    0x0800e4e0   0x0800e4e0   0x00000714   Code   RO         1455    .text               drv_gps.o
    0x0800ebf4   0x0800ebf4   0x00000390   Code   RO         1484    .text               drv_heating.o
    0x0800ef84   0x0800ef84   0x000002b0   Code   RO         1530    .text               drv_openmv.o
    0x0800f234   0x0800f234   0x00000224   Code   RO         1557    .text               drv_up_flow.o
    0x0800f458   0x0800f458   0x000002a4   Code   RO         1585    .text               drv_bmi088.o
    0x0800f6fc   0x0800f6fc   0x00000460   Code   RO         1612    .text               drv_bsp.o
    0x0800fb5c   0x0800fb5c   0x000001e8   Code   RO         1638    .text               drv_rcin.o
    0x0800fd44   0x0800fd44   0x000001ec   Code   RO         1655    .text               misc.o
    0x0800ff30   0x0800ff30   0x0000107c   Code   RO         1671    .text               stm32f4xx_adc.o
    0x08010fac   0x08010fac   0x000013cc   Code   RO         1703    .text               stm32f4xx_dma.o
    0x08012378   0x08012378   0x0000030c   Code   RO         1719    .text               stm32f4xx_exti.o
    0x08012684   0x08012684   0x00000916   Code   RO         1751    .text               stm32f4xx_gpio.o
    0x08012f9a   0x08012f9a   0x00000002   PAD
    0x08012f9c   0x08012f9c   0x00000d7c   Code   RO         1799    .text               stm32f4xx_rcc.o
    0x08013d18   0x08013d18   0x00000bc8   Code   RO         1817    .text               stm32f4xx_spi.o
    0x080148e0   0x080148e0   0x00003294   Code   RO         1849    .text               stm32f4xx_tim.o
    0x08017b74   0x08017b74   0x00000eb4   Code   RO         1865    .text               stm32f4xx_usart.o
    0x08018a28   0x08018a28   0x00000210   Code   RO         1881    .text               system_stm32f4xx.o
    0x08018c38   0x08018c38   0x00000024   Code   RO         1905    .text               startup_stm32f4xx.o
    0x08018c5c   0x08018c5c   0x00000a30   Code   RO         1910    .text               usbd_core.o
    0x0801968c   0x0801968c   0x000001b0   Code   RO         1951    .text               usbd_core_hid.o
    0x0801983c   0x0801983c   0x00000604   Code   RO         1963    .text               usbd_hid.o
    0x08019e40   0x08019e40   0x0000039c   Code   RO         1979    .text               ano_imu_calibration.o
    0x0801a1dc   0x0801a1dc   0x000001e4   Code   RO         2005    .text               ano_imu_data.o
    0x0801a3c0   0x0801a3c0   0x000000a4   Code   RO         2027    .text               ano_imu_task.o
    0x0801a464   0x0801a464   0x000001bc   Code   RO         2058    .text               ultr.o
    0x0801a620   0x0801a620   0x000002ec   Code   RO         2100    .text               task1.o
    0x0801a90c   0x0801a90c   0x00000062   Code   RO         2187    .text               mc_w.l(ldiv.o)
    0x0801a96e   0x0801a96e   0x00000024   Code   RO         2191    .text               mc_w.l(memcpya.o)
    0x0801a992   0x0801a992   0x0000014e   Code   RO         2504    .text               mf_w.l(dadd.o)
    0x0801aae0   0x0801aae0   0x000000e4   Code   RO         2506    .text               mf_w.l(dmul.o)
    0x0801abc4   0x0801abc4   0x0000002c   Code   RO         2508    .text               mf_w.l(ffltl.o)
    0x0801abf0   0x0801abf0   0x00000022   Code   RO         2510    .text               mf_w.l(dflti.o)
    0x0801ac12   0x0801ac12   0x0000003e   Code   RO         2512    .text               mf_w.l(dfixi.o)
    0x0801ac50   0x0801ac50   0x00000026   Code   RO         2514    .text               mf_w.l(f2d.o)
    0x0801ac76   0x0801ac76   0x00000002   PAD
    0x0801ac78   0x0801ac78   0x00000030   Code   RO         2516    .text               mf_w.l(cdcmple.o)
    0x0801aca8   0x0801aca8   0x00000030   Code   RO         2518    .text               mf_w.l(cdrcmple.o)
    0x0801acd8   0x0801acd8   0x00000038   Code   RO         2520    .text               mf_w.l(d2f.o)
    0x0801ad10   0x0801ad10   0x00000062   Code   RO         2541    .text               mc_w.l(uldiv.o)
    0x0801ad72   0x0801ad72   0x0000001e   Code   RO         2543    .text               mc_w.l(llshl.o)
    0x0801ad90   0x0801ad90   0x00000020   Code   RO         2545    .text               mc_w.l(llushr.o)
    0x0801adb0   0x0801adb0   0x00000024   Code   RO         2547    .text               mc_w.l(llsshr.o)
    0x0801add4   0x0801add4   0x00000000   Code   RO         2557    .text               mc_w.l(iusefp.o)
    0x0801add4   0x0801add4   0x0000006e   Code   RO         2558    .text               mf_w.l(fepilogue.o)
    0x0801ae42   0x0801ae42   0x000000ba   Code   RO         2560    .text               mf_w.l(depilogue.o)
    0x0801aefc   0x0801aefc   0x00000024   Code   RO         2568    .text               mc_w.l(init.o)
    0x0801af20   0x0801af20   0x00000056   Code   RO         2587    .text               mc_w.l(__dczerorl2.o)
    0x0801af76   0x0801af76   0x0000000e   Code   RO         2581    i.__scatterload_copy  mc_w.l(handlers.o)
    0x0801af84   0x0801af84   0x00000002   Code   RO         2582    i.__scatterload_null  mc_w.l(handlers.o)
    0x0801af86   0x0801af86   0x0000000e   Code   RO         2583    i.__scatterload_zeroinit  mc_w.l(handlers.o)
    0x0801af94   0x0801af94   0x00000174   Data   RO          233    .constdata          usb_config.o
    0x0801b108   0x0801b108   0x00000018   Data   RO          459    .constdata          ano_dt.o
    0x0801b120   0x0801b120   0x00000404   Data   RO          802    .constdata          ano_math.o
    0x0801b524   0x0801b524   0x0000008f   Data   RO         1457    .constdata          drv_gps.o
    0x0801b5b3   0x0801b5b3   0x00000142   Data   RO         1559    .constdata          drv_up_flow.o
    0x0801b6f5   0x0801b6f5   0x00000003   PAD
    0x0801b6f8   0x0801b6f8   0x000000e0   Data   RO         2102    .constdata          task1.o
    0x0801b7d8   0x0801b7d8   0x00000020   Data   RO         2579    Region$$Table       anon$$obj.o


    Execution Region RW_IRAM1 (Exec base: 0x20000000, Load base: 0x0801b7f8, Size: 0x00003c50, Max: 0x00020000, ABSOLUTE, COMPRESSED[0x0000007c])

    Exec Addr    Load Addr    Size         Type   Attr      Idx    E Section Name        Object

    0x20000000   COMPRESSED   0x00000004   Data   RW          156    .data               ano_usb.o
    0x20000004   COMPRESSED   0x00000009   Data   RW          234    .data               usb_config.o
    0x2000000d   COMPRESSED   0x00000003   PAD
    0x20000010   COMPRESSED   0x00000054   Data   RW          277    .data               ano_scheduler.o
    0x20000064   COMPRESSED   0x00000001   Data   RW          400    .data               bsp_init.o
    0x20000065   COMPRESSED   0x00000001   PAD
    0x20000066   COMPRESSED   0x00000002   Data   RW          460    .data               ano_dt.o
    0x20000068   COMPRESSED   0x00000015   Data   RW          489    .data               ano_rc.o
    0x2000007d   COMPRESSED   0x00000003   Data   RW          513    .data               ano_of.o
    0x20000080   COMPRESSED   0x00000005   Data   RW          536    .data               ano_flyctrl.o
    0x20000085   COMPRESSED   0x00000001   PAD
    0x20000086   COMPRESSED   0x00000007   Data   RW          563    .data               ano_uwb.o
    0x2000008d   COMPRESSED   0x00000003   Data   RW          607    .data               ano_opmv_ctrl.o
    0x20000090   COMPRESSED   0x00000014   Data   RW          634    .data               ano_opmv_cbtracking_ctrl.o
    0x200000a4   COMPRESSED   0x0000001c   Data   RW          657    .data               ano_opmv_linetracking_ctrl.o
    0x200000c0   COMPRESSED   0x00000030   Data   RW          680    .data               ano_of_decofusion.o
    0x200000f0   COMPRESSED   0x0000000c   Data   RW          732    .data               ano_filter.o
    0x200000fc   COMPRESSED   0x00000158   Data   RW          760    .data               ano_imu.o
    0x20000254   COMPRESSED   0x00000019   Data   RW          822    .data               ano_motioncal.o
    0x2000026d   COMPRESSED   0x00000003   PAD
    0x20000270   COMPRESSED   0x0000000e   Data   RW          910    .data               ano_altctrl.o
    0x2000027e   COMPRESSED   0x00000002   PAD
    0x20000280   COMPRESSED   0x00000010   Data   RW          953    .data               ano_attctrl.o
    0x20000290   COMPRESSED   0x00000059   Data   RW          984    .data               ano_flightctrl.o
    0x200002e9   COMPRESSED   0x00000003   PAD
    0x200002ec   COMPRESSED   0x00000036   Data   RW         1029    .data               ano_locctrl.o
    0x20000322   COMPRESSED   0x00000002   PAD
    0x20000324   COMPRESSED   0x00000020   Data   RW         1052    .data               ano_magprocess.o
    0x20000344   COMPRESSED   0x00000014   Data   RW         1079    .data               ano_motorctrl.o
    0x20000358   COMPRESSED   0x0000000c   Data   RW         1109    .data               ano_power.o
    0x20000364   COMPRESSED   0x00000041   Data   RW         1131    .data               ano_flightdatacal.o
    0x200003a5   COMPRESSED   0x00000003   PAD
    0x200003a8   COMPRESSED   0x00000027   Data   RW         1156    .data               drv_led.o
    0x200003cf   COMPRESSED   0x00000001   PAD
    0x200003d0   COMPRESSED   0x00000002   Data   RW         1186    .data               drv_adc.o
    0x200003d2   COMPRESSED   0x00000004   Data   RW         1209    .data               ano_parameter.o
    0x200003d6   COMPRESSED   0x00000002   PAD
    0x200003d8   COMPRESSED   0x00000008   Data   RW         1269    .data               drv_time.o
    0x200003e0   COMPRESSED   0x00000039   Data   RW         1300    .data               drv_usart.o
    0x20000419   COMPRESSED   0x00000006   Data   RW         1335    .data               drv_ak8975.o
    0x2000041f   COMPRESSED   0x00000001   PAD
    0x20000420   COMPRESSED   0x0000000b   Data   RW         1382    .data               drv_spl06.o
    0x2000042b   COMPRESSED   0x00000001   PAD
    0x2000042c   COMPRESSED   0x00000030   Data   RW         1430    .data               usbd_stm32f4xx_fs.o
    0x2000045c   COMPRESSED   0x00000019   Data   RW         1458    .data               drv_gps.o
    0x20000475   COMPRESSED   0x00000003   PAD
    0x20000478   COMPRESSED   0x00000013   Data   RW         1486    .data               drv_heating.o
    0x2000048b   COMPRESSED   0x00000001   PAD
    0x2000048c   COMPRESSED   0x00000006   Data   RW         1509    .data               drv_laser.o
    0x20000492   COMPRESSED   0x00000004   Data   RW         1532    .data               drv_openmv.o
    0x20000496   COMPRESSED   0x00000004   Data   RW         1560    .data               drv_up_flow.o
    0x2000049a   COMPRESSED   0x00000002   Data   RW         1587    .data               drv_bmi088.o
    0x2000049c   COMPRESSED   0x0000000e   Data   RW         1614    .data               drv_bsp.o
    0x200004aa   COMPRESSED   0x00000004   Data   RW         1639    .data               drv_rcin.o
    0x200004ae   COMPRESSED   0x00000010   Data   RW         1800    .data               stm32f4xx_rcc.o
    0x200004be   COMPRESSED   0x00000002   PAD
    0x200004c0   COMPRESSED   0x00000014   Data   RW         1882    .data               system_stm32f4xx.o
    0x200004d4   COMPRESSED   0x00000024   Data   RW         1911    .data               usbd_core.o
    0x200004f8   COMPRESSED   0x00000027   Data   RW         1964    .data               usbd_hid.o
    0x2000051f   COMPRESSED   0x00000001   PAD
    0x20000520   COMPRESSED   0x00000018   Data   RW         1981    .data               ano_imu_calibration.o
    0x20000538   COMPRESSED   0x00000008   Data   RW         2060    .data               ultr.o
    0x20000540   COMPRESSED   0x0000003d   Data   RW         2103    .data               task1.o
    0x2000057d   COMPRESSED   0x00000003   PAD
    0x20000580        -       0x00000140   Zero   RW          155    .bss                ano_usb.o
    0x200006c0        -       0x00000320   Zero   RW          232    .bss                usb_config.o
    0x200009e0        -       0x00000024   Zero   RW          276    .bss                ano_scheduler.o
    0x20000a04        -       0x00000448   Zero   RW          458    .bss                ano_dt.o
    0x20000e4c        -       0x00000010   Zero   RW          488    .bss                ano_rc.o
    0x20000e5c        -       0x0000007c   Zero   RW          512    .bss                ano_of.o
    0x20000ed8        -       0x00000054   Zero   RW          535    .bss                ano_flyctrl.o
    0x20000f2c        -       0x0000023c   Zero   RW          562    .bss                ano_uwb.o
    0x20001168        -       0x00000020   Zero   RW          585    .bss                ano_programctrl_user.o
    0x20001188        -       0x00000044   Zero   RW          633    .bss                ano_opmv_cbtracking_ctrl.o
    0x200011cc        -       0x00000020   Zero   RW          656    .bss                ano_opmv_linetracking_ctrl.o
    0x200011ec        -       0x00000054   Zero   RW          679    .bss                ano_of_decofusion.o
    0x20001240        -       0x00000041   Zero   RW          706    .bss                ano_fcdata.o
    0x20001281   COMPRESSED   0x00000003   PAD
    0x20001284        -       0x00000054   Zero   RW          759    .bss                ano_imu.o
    0x200012d8        -       0x0000004c   Zero   RW          821    .bss                ano_motioncal.o
    0x20001324        -       0x00000108   Zero   RW          887    .bss                ano_sensor_basic.o
    0x2000142c        -       0x00000080   Zero   RW          909    .bss                ano_altctrl.o
    0x200014ac        -       0x000001e8   Zero   RW          952    .bss                ano_attctrl.o
    0x20001694        -       0x00000034   Zero   RW          983    .bss                ano_flightctrl.o
    0x200016c8        -       0x00000160   Zero   RW         1028    .bss                ano_locctrl.o
    0x20001828        -       0x00000010   Zero   RW         1078    .bss                ano_motorctrl.o
    0x20001838        -       0x0000000f   Zero   RW         1155    .bss                drv_led.o
    0x20001847   COMPRESSED   0x00000001   PAD
    0x20001848        -       0x00001000   Zero   RW         1208    .bss                ano_parameter.o
    0x20002848        -       0x00000702   Zero   RW         1299    .bss                drv_usart.o
    0x20002f4a   COMPRESSED   0x00000002   PAD
    0x20002f4c        -       0x00000040   Zero   RW         1381    .bss                drv_spl06.o
    0x20002f8c        -       0x0000000c   Zero   RW         1404    .bss                drv_w25qxx.o
    0x20002f98        -       0x00000070   Zero   RW         1429    .bss                usbd_stm32f4xx_fs.o
    0x20003008        -       0x000000df   Zero   RW         1456    .bss                drv_gps.o
    0x200030e7   COMPRESSED   0x00000001   PAD
    0x200030e8        -       0x0000000c   Zero   RW         1485    .bss                drv_heating.o
    0x200030f4        -       0x000000a4   Zero   RW         1531    .bss                drv_openmv.o
    0x20003198        -       0x0000001c   Zero   RW         1558    .bss                drv_up_flow.o
    0x200031b4        -       0x0000000e   Zero   RW         1586    .bss                drv_bmi088.o
    0x200031c2        -       0x0000006b   Zero   RW         1613    .bss                drv_bsp.o
    0x2000322d   COMPRESSED   0x00000003   PAD
    0x20003230        -       0x00000048   Zero   RW         1980    .bss                ano_imu_calibration.o
    0x20003278        -       0x000000a8   Zero   RW         2006    .bss                ano_imu_data.o
    0x20003320        -       0x0000000a   Zero   RW         2059    .bss                ultr.o
    0x2000332a   COMPRESSED   0x00000002   PAD
    0x2000332c        -       0x00000120   Zero   RW         2101    .bss                task1.o
    0x2000344c   COMPRESSED   0x00000004   PAD
    0x20003450        -       0x00000800   Zero   RW         1902    STACK               startup_stm32f4xx.o


==============================================================================

Image component sizes


      Code (inc. data)   RO Data    RW Data    ZI Data      Debug   Object Name

      1492        138          0         14        128       2268   ano_altctrl.o
      2644        172          0         16        488       4569   ano_attctrl.o
      4544        186         24          2       1096      10917   ano_dt.o
        40         10          0          0         65       2979   ano_fcdata.o
      2116         26          0         12          0       7559   ano_filter.o
      3756        366          0         89         52       8386   ano_flightctrl.o
       872        140          0         65          0       3155   ano_flightdatacal.o
      2444        382          0          5         84       3210   ano_flyctrl.o
      2984        184          0        344         84       7190   ano_imu.o
       924         64          0         24         72       3435   ano_imu_calibration.o
       484         20          0          0        168       3116   ano_imu_data.o
       164         30          0          0          0        663   ano_imu_task.o
      3552        294          0         54        352       4487   ano_locctrl.o
      1200         92          0         32          0       3279   ano_magprocess.o
      2260        146       1028          0          0       8216   ano_math.o
       508         64          0         25         76       1667   ano_motioncal.o
       500         34          0         20         16       2043   ano_motorctrl.o
       844         38          0          3        124       2986   ano_of.o
      1476        124          0         48         84       4527   ano_of_decofusion.o
      1144         82          0         20         68       3642   ano_opmv_cbtracking_ctrl.o
       244         32          0          3          0       1203   ano_opmv_ctrl.o
      1388        112          0         28         32       3884   ano_opmv_linetracking_ctrl.o
      5256        316          0          4       4096       8411   ano_parameter.o
       288          4          0          0          0       1800   ano_pid.o
       540         62          0         12          0        946   ano_power.o
       208         26          0          0         32       1891   ano_programctrl_user.o
      1396        178          0         21         16       4616   ano_rc.o
       524         32          0         84         36       4501   ano_scheduler.o
       532         46          0          0        264       3174   ano_sensor_basic.o
       588         24          0          4        320      15202   ano_usb.o
       732         48          0          7        572       2764   ano_uwb.o
       288         36          0          1          0       1234   bsp_init.o
       292         18          0          2          0       1345   drv_adc.o
       260         10          0          6          0       1787   drv_ak8975.o
       676         28          0          2         14       3861   drv_bmi088.o
      1120         54          0         14        107       3181   drv_bsp.o
      1812        102        143         25        223       5503   drv_gps.o
       912        174          0         19         12       2273   drv_heating.o
         0          0          0          6          0       1125   drv_laser.o
      1620         72          0         39         15       4671   drv_led.o
       688         26          0          4        164       3393   drv_openmv.o
       796         38          0          0          0       1790   drv_pwm_out.o
       488         22          0          4          0       1384   drv_rcin.o
       304         10          0          0          0       1683   drv_spi.o
      1792         58          0         11         64       5625   drv_spl06.o
       440         18          0          8          0      21782   drv_time.o
       548         28        322          4         28       2027   drv_up_flow.o
      2360        186          0         57       1794       8119   drv_usart.o
       968         14          0          0         12       5197   drv_w25qxx.o
        28          4          0          0          0       1061   main.o
       492         74          0          0          0       2125   misc.o
        36          8        392          0       2048        884   startup_stm32f4xx.o
      4220        148          0          0          0      13434   stm32f4xx_adc.o
      5068        352          0          0          0       9045   stm32f4xx_dma.o
       780         70          0          0          0       2803   stm32f4xx_exti.o
      2326        132          0          0          0       5501   stm32f4xx_gpio.o
        84          0          0          0          0     306148   stm32f4xx_it.o
      3452        262          0         16          0      13595   stm32f4xx_rcc.o
      3016        118          0          0          0       8629   stm32f4xx_spi.o
     12948        670          0          0          0      31292   stm32f4xx_tim.o
      3764        164          0          0          0      10180   stm32f4xx_usart.o
       528         46          0         20          0       1991   system_stm32f4xx.o
       748         88        224         61        288       3745   task1.o
       444         22          0          8         10       1489   ultr.o
        82          0        372          9        800      15622   usb_config.o
      2608        202          0         36          0       7860   usbd_core.o
       432         68          0          0          0       1712   usbd_core_hid.o
      1540        184          0         39          0       5971   usbd_hid.o
      4792        220          0         48        112      27293   usbd_stm32f4xx_fs.o

    ----------------------------------------------------------------------
    108400       7198       2540       1408      14032     683046   Object Totals
         0          0         32          0          0          0   (incl. Generated)
         4          0          3         33         16          0   (incl. Padding)

    ----------------------------------------------------------------------

      Code (inc. data)   RO Data    RW Data    ZI Data      Debug   Library Member Name

        86          0          0          0          0          0   __dczerorl2.o
         0          0          0          0          0          0   entry.o
         0          0          0          0          0          0   entry10a.o
         0          0          0          0          0          0   entry11a.o
         8          4          0          0          0          0   entry2.o
         4          0          0          0          0          0   entry5.o
         0          0          0          0          0          0   entry7b.o
         0          0          0          0          0          0   entry8b.o
         8          4          0          0          0          0   entry9a.o
        30          0          0          0          0          0   handlers.o
        36          8          0          0          0         68   init.o
         0          0          0          0          0          0   iusefp.o
        98          0          0          0          0         84   ldiv.o
        30          0          0          0          0         68   llshl.o
        36          0          0          0          0         68   llsshr.o
        32          0          0          0          0         68   llushr.o
        36          0          0          0          0         68   memcpya.o
        98          0          0          0          0         92   uldiv.o
        48          0          0          0          0         68   cdcmple.o
        48          0          0          0          0         68   cdrcmple.o
        56          0          0          0          0         88   d2f.o
       334          0          0          0          0        148   dadd.o
       186          0          0          0          0        176   depilogue.o
        62          0          0          0          0         80   dfixi.o
        34          0          0          0          0         76   dflti.o
       228          0          0          0          0         96   dmul.o
        38          0          0          0          0         68   f2d.o
       110          0          0          0          0        168   fepilogue.o
        44          0          0          0          0         92   ffltl.o

    ----------------------------------------------------------------------
      1692         16          0          0          0       1644   Library Totals
         2          0          0          0          0          0   (incl. Padding)

    ----------------------------------------------------------------------

      Code (inc. data)   RO Data    RW Data    ZI Data      Debug   Library Name

       502         16          0          0          0        516   mc_w.l
      1188          0          0          0          0       1128   mf_w.l

    ----------------------------------------------------------------------
      1692         16          0          0          0       1644   Library Totals

    ----------------------------------------------------------------------

==============================================================================


      Code (inc. data)   RO Data    RW Data    ZI Data      Debug   

    110092       7214       2540       1408      14032     670994   Grand Totals
    110092       7214       2540        124      14032     670994   ELF Image Totals (compressed)
    110092       7214       2540        124          0          0   ROM Totals

==============================================================================

    Total RO  Size (Code + RO Data)               112632 ( 109.99kB)
    Total RW  Size (RW Data + ZI Data)             15440 (  15.08kB)
    Total ROM Size (Code + RO Data + RW Data)     112756 ( 110.11kB)

==============================================================================

